{smcl}
{com}{sf}{ul off}{txt}{.-}
      name:  {res}<unnamed>
       {txt}log:  {res}/Users/Alfonso/Google Drive/UT/Fall 2017/RD/assignment1.smcl
  {txt}log type:  {res}smcl
 {txt}opened on:  {res} 9 Sep 2017, 22:18:32
{txt}
{com}. 
. ******************
. * Question 3
. ******************
. 
. use "/Users/Alfonso/Google Drive/UT/Fall 2017/RD/STAR_students.dta"
{txt}
{com}. 
. drop if missing(gkschid)
{txt}(5276 observations deleted)

{com}. 
. tempfile STAR_kindergarteners
{txt}
{com}. save `STAR_kindergarteners'
{txt}file /var/folders/fw/y2sqj2rn1f71_k0pcqx08rbr0000gn/T//S_29966.000001 saved

{com}. 
. ******************
. * Question 4
. ******************
. 
. * quietly sum _all
. 
. ******************
. * Question 5
. ******************
. 
. * describe
. *** 6325 kids
. 
. tab flagsgk

 {txt}IN STAR IN {c |}
KINDERGARTE {c |}
          N {c |}      Freq.     Percent        Cum.
{hline 12}{c +}{hline 35}
        yes {c |}{res}      6,325      100.00      100.00
{txt}{hline 12}{c +}{hline 35}
      Total {c |}{res}      6,325      100.00
{txt}
{com}. tab flagsg1

 {txt}IN STAR IN {c |}
    GRADE 1 {c |}      Freq.     Percent        Cum.
{hline 12}{c +}{hline 35}
         no {c |}{res}      1,810       28.62       28.62
{txt}        yes {c |}{res}      4,515       71.38      100.00
{txt}{hline 12}{c +}{hline 35}
      Total {c |}{res}      6,325      100.00
{txt}
{com}. tab flagsg2

 {txt}IN STAR IN {c |}
    GRADE 2 {c |}      Freq.     Percent        Cum.
{hline 12}{c +}{hline 35}
         no {c |}{res}      2,665       42.13       42.13
{txt}        yes {c |}{res}      3,660       57.87      100.00
{txt}{hline 12}{c +}{hline 35}
      Total {c |}{res}      6,325      100.00
{txt}
{com}. tab flagsg3

 {txt}IN STAR IN {c |}
    GRADE 3 {c |}      Freq.     Percent        Cum.
{hline 12}{c +}{hline 35}
         no {c |}{res}      3,094       48.92       48.92
{txt}        yes {c |}{res}      3,231       51.08      100.00
{txt}{hline 12}{c +}{hline 35}
      Total {c |}{res}      6,325      100.00
{txt}
{com}. 
. sum gktreadss

{txt}    Variable {c |}       Obs        Mean    Std. Dev.       Min        Max
{hline 13}{c +}{hline 56}
{space 3}gktreadss {c |}{res}      5789    436.7253    31.70626        315        627
{txt}
{com}. 
. **** Population
. **** Mean 436.72 , SD 31.70, CI: 435.90 - 437.54
. 
. ******************
. * Question 6
. ******************
. 
. * a. 
. 
. **** Sample 1
. 
. sample 160, count
{txt}(6165 observations deleted)

{com}. 
. * i. 
. 
. mean gktreadss
{res}
{txt}Mean estimation{col 37}Number of obs{col 54}= {res}    152

{txt}{hline 13}{c TT}{hline 11}{hline 11}{hline 14}{hline 12}
{col 14}{c |}       Mean{col 26}   Std. Err.{col 38}     [95% Con{col 51}f. Interval]
{hline 13}{c +}{hline 11}{hline 11}{hline 14}{hline 12}
{space 3}gktreadss {c |}{col 14}{res}{space 2} 438.3487{col 26}{space 2} 2.413062{col 37}{space 5}  433.581{col 51}{space 3} 443.1164
{txt}{hline 13}{c BT}{hline 11}{hline 11}{hline 14}{hline 12}

{com}. 
. **** Mean 433.9187 , SD 2.366
. 
. * ii. 
. gen meanN = 436.72
{txt}
{com}. gen meann = 433.9187
{txt}
{com}. gen diffmeans = meanN - meann
{txt}
{com}. 
. **** Difference of means 2.8013
. 
. * iii.
. 
. **** It falls inside our 95% CI for the population mean previously estimated
. 
. * iv.
. **** It is significantly different from 440 at the 95% confidence level 
. 
. **** b. Sample II
. 
. use `STAR_kindergarteners', replace
{txt}
{com}. 
. sample 160, count
{txt}(6165 observations deleted)

{com}. 
. mean gktreadss
{res}
{txt}Mean estimation{col 37}Number of obs{col 54}= {res}    148

{txt}{hline 13}{c TT}{hline 11}{hline 11}{hline 14}{hline 12}
{col 14}{c |}       Mean{col 26}   Std. Err.{col 38}     [95% Con{col 51}f. Interval]
{hline 13}{c +}{hline 11}{hline 11}{hline 14}{hline 12}
{space 3}gktreadss {c |}{col 14}{res}{space 2} 438.4392{col 26}{space 2}  2.55128{col 37}{space 5} 433.3973{col 51}{space 3} 443.4811
{txt}{hline 13}{c BT}{hline 11}{hline 11}{hline 14}{hline 12}

{com}. 
. *** 436.21
. 
. gen meann2 = 436.21
{txt}
{com}. 
. *** Sample variation: 436.21 - 433.9187 = 2.2913, it is very similar to the
. *** estimated standard error
. *** The population mean is covered, it is actually very very similar.
. 
. log close
      {txt}name:  {res}<unnamed>
       {txt}log:  {res}/Users/Alfonso/Google Drive/UT/Fall 2017/RD/assignment1.smcl
  {txt}log type:  {res}smcl
 {txt}closed on:  {res} 9 Sep 2017, 22:18:33
{txt}{.-}
{smcl}
{txt}{sf}{ul off}